pairing_id,base,fleet,month
EWR-73N-001,EWR,73N,2025-09-01
